// Jest Snapshot v1, https://goo.gl/fbAQLP

exports[`renders correctly Stamp 1`] = `
<div
  className="stamp uppercase icon iconstamp"
>
  <p
    className="stamp__text"
  />
</div>
`;
